Caso #1: 170 anticalmas
Caso #2: 162 anticalmas
Caso #3: 32 anticalmas
Caso #4: 10 anticalmas
Caso #5: 63 anticalmas
Caso #6: 165 anticalmas
Caso #7: 158 anticalmas
Caso #8: 41 anticalmas
Caso #9: 71 anticalmas
Caso #10: 241 anticalmas
Caso #11: 164 anticalmas
Caso #12: Destino inalcancavel
Caso #13: 124 anticalmas
Caso #14: 97 anticalmas
Caso #15: Destino inalcancavel
Caso #16: 270 anticalmas
Caso #17: Destino inalcancavel
Caso #18: 180 anticalmas
Caso #19: 409 anticalmas
Caso #20: Destino inalcancavel
Caso #21: 126 anticalmas
Caso #22: 235 anticalmas
Caso #23: 194 anticalmas
Caso #24: Destino inalcancavel
Caso #25: Destino inalcancavel
Caso #26: 50 anticalmas
Caso #27: 207 anticalmas
Caso #28: Destino inalcancavel
Caso #29: Destino inalcancavel
Caso #30: Destino inalcancavel
Caso #31: 126 anticalmas
Caso #32: Destino inalcancavel
Caso #33: 334 anticalmas
Caso #34: 293 anticalmas
Caso #35: Destino inalcancavel
Caso #36: Destino inalcancavel
Caso #37: Destino inalcancavel
Caso #38: Destino inalcancavel
Caso #39: 60 anticalmas
Caso #40: 266 anticalmas
Caso #41: 58 anticalmas
Caso #42: Destino inalcancavel
Caso #43: 362 anticalmas
Caso #44: Destino inalcancavel
Caso #45: 22 anticalmas
Caso #46: Destino inalcancavel
Caso #47: 299 anticalmas
Caso #48: 96 anticalmas
Caso #49: Destino inalcancavel
Caso #50: Destino inalcancavel
Caso #51: 132 anticalmas
Caso #52: 54 anticalmas
Caso #53: 434 anticalmas
Caso #54: Destino inalcancavel
Caso #55: Destino inalcancavel
Caso #56: Destino inalcancavel
Caso #57: 187 anticalmas
Caso #58: 309 anticalmas
Caso #59: Destino inalcancavel
Caso #60: Destino inalcancavel
Caso #61: 37 anticalmas
Caso #62: 262 anticalmas
Caso #63: 76 anticalmas
Caso #64: 69 anticalmas
Caso #65: 71 anticalmas
Caso #66: 154 anticalmas
Caso #67: 41 anticalmas
Caso #68: 24 anticalmas
Caso #69: 65 anticalmas
Caso #70: 82 anticalmas
